// Jest Snapshot v1, https://goo.gl/fbAQLP

exports[`StateSearch default render matches snapshot 1`] = `
<div
  className="field"
>
  <div
    className="control"
  >
    <div
      className="dropdown is-active"
    >
      <div
        className="dropdown-trigger"
      >
        <input
          className="input"
          data-testid="input"
          onChange={[Function]}
          onFocus={[Function]}
          onKeyUp={[Function]}
          placeholder="wyszukaj..."
          type="text"
          value=""
        />
      </div>
    </div>
  </div>
</div>
`;
